// Jest Snapshot v1, https://goo.gl/fbAQLP

exports[`it renders component unchanged 1`] = `
<div>
  <li
    class="group relative md:hover:overflow-y-auto"
    tabindex="0"
  >
    <div
      aria-label="Hello Dog"
      class="from-1% absolute hidden max-h-full w-auto grid-cols-4 grid-rows-4 bg-gradient-to-t from-background text-base font-semibold text-text backdrop-blur-md group-focus-within:grid group-hover:grid md:grid-cols-5 md:grid-rows-5"
      role="grid"
    >
      <img
        alt="Hello Dog Website screenshot"
        aria-hidden="true"
        class="col-span-3 row-span-3 md:col-span-4 md:row-span-4"
        data-nimg="1"
        decoding="async"
        height="924"
        loading="lazy"
        src="/_next/image?url=https%3A%2F%2Fraw.githubusercontent.com%2Frparin%2FHello-Dog%2Fmain%2F_preview%2Fpreview.png&w=1920&q=75"
        srcset="/_next/image?url=https%3A%2F%2Fraw.githubusercontent.com%2Frparin%2FHello-Dog%2Fmain%2F_preview%2Fpreview.png&w=1080&q=75 1x, /_next/image?url=https%3A%2F%2Fraw.githubusercontent.com%2Frparin%2FHello-Dog%2Fmain%2F_preview%2Fpreview.png&w=1920&q=75 2x"
        style="color: transparent;"
        width="956"
      />
      <div
        aria-label="Dev Tools"
        class="p-scroll row-span-3 mx-1 mt-1 flex flex-col items-center justify-start gap-2 overflow-y-auto md:row-span-4 lg:mt-2"
        role="row"
      >
        <span
          role="cell"
        >
          <a
            aria-label="React"
            href="https://react.dev/"
            rel="noopener noreferrer"
            tabindex="-1"
            target="_blank"
          >
            <img
              alt="logo of react"
              class="h-auto w-7 md:w-10 lg:w-14 md:p-1"
              data-nimg="1"
              decoding="async"
              height="40"
              loading="lazy"
              src="/_next/image?url=%2Fimg.jpg&w=96&q=75"
              srcset="/_next/image?url=%2Fimg.jpg&w=48&q=75 1x, /_next/image?url=%2Fimg.jpg&w=96&q=75 2x"
              style="color: transparent;"
              width="40"
            />
          </a>
        </span>
        <span
          role="cell"
        >
          <a
            aria-label="Nextjs"
            href="https://nextjs.org/"
            rel="noopener noreferrer"
            tabindex="-1"
            target="_blank"
          >
            <img
              alt="logo of nextjs"
              class="h-auto w-7 md:w-10 lg:w-14 md:p-1"
              data-nimg="1"
              decoding="async"
              height="40"
              loading="lazy"
              src="/_next/image?url=%2Fimg.jpg&w=96&q=75"
              srcset="/_next/image?url=%2Fimg.jpg&w=48&q=75 1x, /_next/image?url=%2Fimg.jpg&w=96&q=75 2x"
              style="color: transparent;"
              width="40"
            />
          </a>
        </span>
        <span
          role="cell"
        >
          <a
            aria-label="Spring Boot"
            href="https://spring.io/projects/spring-boot"
            rel="noopener noreferrer"
            tabindex="-1"
            target="_blank"
          >
            <img
              alt="logo of Spring Boot"
              class="h-auto w-7 md:w-10 lg:w-14 md:p-1"
              data-nimg="1"
              decoding="async"
              height="40"
              loading="lazy"
              src="/_next/image?url=%2Fimg.jpg&w=96&q=75"
              srcset="/_next/image?url=%2Fimg.jpg&w=48&q=75 1x, /_next/image?url=%2Fimg.jpg&w=96&q=75 2x"
              style="color: transparent;"
              width="40"
            />
          </a>
        </span>
        <span
          role="cell"
        >
          <a
            aria-label="Docker"
            href="https://www.docker.com"
            rel="noopener noreferrer"
            tabindex="-1"
            target="_blank"
          >
            <img
              alt="logo of Docker"
              class="h-auto w-7 md:w-10 lg:w-14 md:p-1"
              data-nimg="1"
              decoding="async"
              height="40"
              loading="lazy"
              src="/_next/image?url=%2Fimg.jpg&w=96&q=75"
              srcset="/_next/image?url=%2Fimg.jpg&w=48&q=75 1x, /_next/image?url=%2Fimg.jpg&w=96&q=75 2x"
              style="color: transparent;"
              width="40"
            />
          </a>
        </span>
        <span
          role="cell"
        >
          <a
            aria-label="Tailwind"
            href="https://tailwindcss.com/"
            rel="noopener noreferrer"
            tabindex="-1"
            target="_blank"
          >
            <img
              alt="logo of tailwind"
              class="h-auto w-7 md:w-10 lg:w-14 md:p-1"
              data-nimg="1"
              decoding="async"
              height="40"
              loading="lazy"
              src="/_next/image?url=%2Fimg.jpg&w=96&q=75"
              srcset="/_next/image?url=%2Fimg.jpg&w=48&q=75 1x, /_next/image?url=%2Fimg.jpg&w=96&q=75 2x"
              style="color: transparent;"
              width="40"
            />
          </a>
        </span>
        <span
          role="cell"
        >
          <a
            aria-label="Zod"
            href="https://zod.dev"
            rel="noopener noreferrer"
            tabindex="-1"
            target="_blank"
          >
            <img
              alt="logo of zod"
              class="h-auto w-7 md:w-10 lg:w-14 md:p-1"
              data-nimg="1"
              decoding="async"
              height="40"
              loading="lazy"
              src="/_next/image?url=%2Fimg.jpg&w=96&q=75"
              srcset="/_next/image?url=%2Fimg.jpg&w=48&q=75 1x, /_next/image?url=%2Fimg.jpg&w=96&q=75 2x"
              style="color: transparent;"
              width="40"
            />
          </a>
        </span>
        <span
          role="cell"
        >
          <a
            aria-label="Java"
            href="https://www.java.com/en/download/help/whatis_java.html"
            rel="noopener noreferrer"
            tabindex="-1"
            target="_blank"
          >
            <img
              alt="logo of java"
              class="h-auto w-7 md:w-10 lg:w-14 md:p-1"
              data-nimg="1"
              decoding="async"
              height="40"
              loading="lazy"
              src="/_next/image?url=%2Fimg.jpg&w=96&q=75"
              srcset="/_next/image?url=%2Fimg.jpg&w=48&q=75 1x, /_next/image?url=%2Fimg.jpg&w=96&q=75 2x"
              style="color: transparent;"
              width="40"
            />
          </a>
        </span>
      </div>
      <div
        class="col-span-4 flex flex-row items-center justify-center gap-1 truncate md:col-span-5"
        role="row"
      >
        <span
          role="rowheader"
        >
          Hello Dog
        </span>
        <span
          role="cell"
        >
          <a
            aria-label="Website"
            href="https://hello-dog.vercel.app/"
            rel="noopener noreferrer"
            target="_blank"
          >
            <svg
              class="mb-2 h-3 w-auto md:h-4"
              fill="none"
              height="24"
              stroke="currentColor"
              stroke-linecap="round"
              stroke-linejoin="round"
              stroke-width="2"
              viewBox="0 0 24 24"
              width="24"
              xmlns="http://www.w3.org/2000/svg"
            >
              <path
                d="M18 13v6a2 2 0 0 1-2 2H5a2 2 0 0 1-2-2V8a2 2 0 0 1 2-2h6"
              />
              <polyline
                points="15 3 21 3 21 9"
              />
              <line
                x1="10"
                x2="21"
                y1="14"
                y2="3"
              />
            </svg>
          </a>
        </span>
      </div>
    </div>
    <img
      alt="Hello Dog Website screenshot"
      aria-hidden="true"
      data-nimg="1"
      decoding="async"
      height="924"
      loading="lazy"
      src="/_next/image?url=https%3A%2F%2Fraw.githubusercontent.com%2Frparin%2FHello-Dog%2Fmain%2F_preview%2Fpreview.png&w=1920&q=75"
      srcset="/_next/image?url=https%3A%2F%2Fraw.githubusercontent.com%2Frparin%2FHello-Dog%2Fmain%2F_preview%2Fpreview.png&w=1080&q=75 1x, /_next/image?url=https%3A%2F%2Fraw.githubusercontent.com%2Frparin%2FHello-Dog%2Fmain%2F_preview%2Fpreview.png&w=1920&q=75 2x"
      style="color: transparent;"
      width="956"
    />
  </li>
</div>
`;
